<html>
<body>
<pre>
<h1>µVision Build Log</h1>
<h2>Project:</h2>
C:\Users\007\Desktop\New folder\B.E 4th sem Notes\MP Softwares and Programs\Programs\Program 6\13. BLOCK_TRANSFER\BLOCK.uvproj
Project File Date:  04/17/2017

<h2>Output:</h2>
assembling BLOCK.asm...
BLOCK.asm - 0 Error(s), 0 Warning(s).
Build target 'Target 1'
linking...
Program Size: Code=36 RO-data=92 RW-data=0 ZI-data=0  
"BLOCK.axf" - 0 Error(s), 0 Warning(s).
Build target 'Target 1'
assembling BLOCK.asm...
linking...
Program Size: Code=36 RO-data=92 RW-data=0 ZI-data=0  
"BLOCK.axf" - 0 Error(s), 0 Warning(s).
compiling C:\Keil\ARM\INC\Philips\LPC214X.h...
assembling BLOCK.asm...
BLOCK.asm(1): error: A1163E: Unknown opcode SOURCE, , expecting opcode or Macro
BLOCK.asm(2): error: A1105E: Area directive missing
BLOCK.asm(2): warning: A1088W: Faking declaration of area AREA |$$$$$$$|
BLOCK.asm - 2 Error(s), 1 Warning(s).
assembling BLOCK.asm...
BLOCK.asm - 0 Error(s), 0 Warning(s).
