ARM Linker, RVCT4.0 [Build 524] for uVision [Evaluation]

==============================================================================

Section Cross References

    p16f4-3(Program) refers to p16f4-3(SOURCE) for SOURCE
    p16f4-3(Program) refers to p16f4-3(DESTINATION) for DESTINATION


==============================================================================

Image Symbol Table

    Local Symbols

    Symbol Name                              Value     Ov Type        Size  Object(Section)

    Program                                  0x00000000   Section       36  p16f4-3(Program)
    BLOCK.asm                                0x00000000   Number         0  p16f4-3 ABSOLUTE
    SOURCE                                   0x00000024   Section       91  p16f4-3(SOURCE)
    DESTINATION                              0x40000000   Section        0  p16f4-3(DESTINATION)

    Global Symbols

    Symbol Name                              Value     Ov Type        Size  Object(Section)

    BuildAttributes$$THM_ISAv1$ARM_ISAv4$S$PE$A:L22$X:L11$S22$IEEE1$IW$USESV6$~STKCKD$USESV7$~SHL$OSPACE$EBA8$STANDARDLIB$PRES8$EABIv2 0x00000000   Number         0  anon$$obj.o ABSOLUTE



==============================================================================

Memory Map of the image

  Image Entry point : 0x00000000

  Load Region LR_1 (Base: 0x00000000, Size: 0x00000080, Max: 0xffffffff, ABSOLUTE)

    Execution Region ER_RO (Base: 0x00000000, Size: 0x00000080, Max: 0xffffffff, ABSOLUTE)

    Base Addr    Size         Type   Attr      Idx    E Section Name        Object

    0x00000000   0x00000024   Code   RO            3  * Program             p16f4-3
    0x00000024   0x0000005b   Data   RO            1    SOURCE              p16f4-3


    Execution Region ER_RW (Base: 0x40000000, Size: 0x00000000, Max: 0xffffffff, ABSOLUTE)

    Base Addr    Size         Type   Attr      Idx    E Section Name        Object

    0x40000000   0x00000000   Data   RW            2    DESTINATION         p16f4-3


    Execution Region ER_ZI (Base: 0x40000000, Size: 0x00000000, Max: 0xffffffff, ABSOLUTE)

    **** No section assigned to this execution region ****


==============================================================================

Image component sizes


      Code (inc. data)   RO Data    RW Data    ZI Data      Debug   Object Name

        36          8         91          0          0        272   p16f4-3

    ----------------------------------------------------------------------
        36          8         92          0          0        272   Object Totals
         0          0          0          0          0          0   (incl. Generated)
         0          0          1          0          0          0   (incl. Padding)

    ----------------------------------------------------------------------
         0          0          0          0          0          0   Library Totals
         0          0          0          0          0          0   (incl. Padding)

    ----------------------------------------------------------------------

==============================================================================


      Code (inc. data)   RO Data    RW Data    ZI Data      Debug   

        36          8         92          0          0        272   Grand Totals
        36          8         92          0          0        272   ELF Image Totals
        36          8         92          0          0          0   ROM Totals

==============================================================================

    Total RO  Size (Code + RO Data)                  128 (   0.13kB)
    Total RW  Size (RW Data + ZI Data)                 0 (   0.00kB)
    Total ROM Size (Code + RO Data + RW Data)        128 (   0.13kB)

==============================================================================

