<html>
<body>
<pre>
<h1>µVision Build Log</h1>
<h2>Project:</h2>
C:\Users\007\Desktop\New folder\B.E 4th sem Notes\MP Softwares and Programs\Programs\Program 7\Addition\Addition.uvproj
Project File Date:  06/16/2017

<h2>Output:</h2>
compiling Addition.c...
Addition.c(2): warning:  #951-D: return type of function "main" must be "int"
Addition.c(4): warning:  #550-D: variable "c" was set but never used
Addition.c - 0 Error(s), 2 Warning(s).
compiling Addition.c...
Addition.c(4): warning:  #550-D: variable "c" was set but never used
Addition.c - 0 Error(s), 1 Warning(s).
compiling Addition.c...
Addition.c(4): warning:  #550-D: variable "c" was set but never used
Addition.c - 0 Error(s), 1 Warning(s).
Build target 'Target 1'
linking...
Program Size: Code=480 RO-data=16 RW-data=0 ZI-data=96  
"Addition.axf" - 0 Error(s), 0 Warning(s).
compiling Addition.c...
Addition.c(4): warning:  #550-D: variable "c" was set but never used
Addition.c - 0 Error(s), 1 Warning(s).
compiling Addition.c...
Addition.c(4): warning:  #550-D: variable "c" was set but never used
Addition.c - 0 Error(s), 1 Warning(s).
Build target 'Target 1'
linking...
Program Size: Code=484 RO-data=16 RW-data=0 ZI-data=96  
"Addition.axf" - 0 Error(s), 0 Warning(s).
compiling Addition.c...
Addition.c(4): warning:  #550-D: variable "c" was set but never used
Addition.c - 0 Error(s), 1 Warning(s).
Build target 'Target 1'
linking...
Program Size: Code=484 RO-data=16 RW-data=0 ZI-data=96  
"Addition.axf" - 0 Error(s), 0 Warning(s).
