<html>
<body>
<pre>
<h1>µVision Build Log</h1>
<h2>Project:</h2>
C:\Users\USER\Desktop\ARM 7 LPC2148 NEW SYLABAS\ARM7 LPC-2148 CM-ARM7\STEPPER MOTOR\STEPPER MOTOR.uvproj
Project File Date:  01/05/2017

<h2>Output:</h2>
Build target 'Target 1'
assembling Startup.s...
creating preprocessor file for STEPPER MOTOR.C...
compiling STEPPER MOTOR.C...
linking...
Program Size: Code=5244 RO-data=16 RW-data=72 ZI-data=1256  
FromELF: creating hex file...
"STEPPER MOTOR.axf" - 0 Error(s), 0 Warning(s).
